// Jest Snapshot v1, https://goo.gl/fbAQLP

exports[`body returns expected JsonML for 1st-level elements 1`] = `
Array [
  "ol",
  Object {
    "style": "
    list-style-type: none;
    margin: 2px 0 0 28px;
    padding: 0;
  ",
  },
  Array [
    "li",
    Object {
      "style": "
    margin-bottom: 2px;
  ",
    },
    "",
  ],
  Array [
    "li",
    Object {
      "style": "
    margin-bottom: 2px;
  ",
    },
    Array [
      "object",
      Object {
        "object": <h1
          id="title"
        >
          A title
        </h1>,
      },
    ],
  ],
  Array [
    "li",
    Object {
      "style": "
    margin-bottom: 2px;
  ",
    },
    "",
  ],
  Array [
    "li",
    Object {
      "style": "
    margin-bottom: 2px;
  ",
    },
    Array [
      "object",
      Object {
        "object": <article
          class="example"
        >
          
        
          <p>
            Lorem ipsum
          </p>
          
        
          <p>
            and so forth
          </p>
          
      
        </article>,
      },
    ],
  ],
  Array [
    "li",
    Object {
      "style": "
    margin-bottom: 2px;
  ",
    },
    "",
  ],
  Array [
    "li",
    Object {
      "style": "
    margin-bottom: 2px;
  ",
    },
    Array [
      "object",
      Object {
        "object": <div
          class=""
        >
          
        
          <!-- a comment -->
          
      
        </div>,
      },
    ],
  ],
  Array [
    "li",
    Object {
      "style": "
    margin-bottom: 2px;
  ",
    },
    "",
  ],
  Array [
    "li",
    Object {
      "style": "
    margin-bottom: 2px;
  ",
    },
    Array [
      "object",
      Object {
        "object": <footer>
          
        Foo bar
      
        </footer>,
      },
    ],
  ],
  Array [
    "li",
    Object {
      "style": "
    margin-bottom: 2px;
  ",
    },
    "",
  ],
]
`;
